[www.tivodart.narod.ru/index.html]
[backblue.gif]
[fade.gif]
[index.html]
[www.tivodart.narod.ru/index8743.html]
[www.tivodart.narod.ru/main.css]
[www.tivodart.narod.ru/.s/src/jquery-3.3.1.min.js]
[www.tivodart.narod.ru/33.jpg]
[www.tivodart.narod.ru/4.jpg]
[www.tivodart.narod.ru/about.html]
[www.tivodart.narod.ru/gallery.html]
[www.tivodart.narod.ru/ukrstor.html]
[www.tivodart.narod.ru/en.html]
[www.tivodart.narod.ru/MK.jpg]
[www.tivodart.narod.ru/125x50.gif]
[www.tivodart.narod.ru/AgoraLogoWhite.gif]
[www.tivodart.narod.ru/index.html]
[www.tivodart.narod.ru/main.css]
[www.tivodart.narod.ru/index-2.html]
[www.tivodart.narod.ru/index4373.html]
[www.tivodart.narod.ru/arthur_tivodar1.jpg]
[s204.ucoz.net/img/cp/8.gif]
[www.tivodart.narod.ru/about.html]
[www.tivodart.narod.ru/galleryukr.html]
[www.tivodart.narod.ru/indexc423.html]
[www.tivodart.narod.ru/gallery1.html]
[www.tivodart.narod.ru/naetyudah.html]
[www.tivodart.narod.ru/naetyudah1.jpg]
[www.tivodart.narod.ru/santasara.html]
[www.tivodart.narod.ru/santasara1.jpg]
[www.tivodart.narod.ru/begvegip.html]
[www.tivodart.narod.ru/begvegip1.jpg]
[www.tivodart.narod.ru/shimnik.html]
[www.tivodart.narod.ru/shimnik1.jpg]
[www.tivodart.narod.ru/stella.html]
[www.tivodart.narod.ru/stella1.jpg]
[www.tivodart.narod.ru/avtoprtret.html]
[www.tivodart.narod.ru/avtoprtret1.jpg]
[www.tivodart.narod.ru/poedribu.html]
[www.tivodart.narod.ru/poedribu1.jpg]
[www.tivodart.narod.ru/yabspas.html]
[www.tivodart.narod.ru/yabspas1.jpg]
[www.tivodart.narod.ru/imperium.html]
[www.tivodart.narod.ru/imperium1.jpg]
[www.tivodart.narod.ru/impny.html]
[www.tivodart.narod.ru/impny1.jpg]
[www.tivodart.narod.ru/arkan21.html]
[www.tivodart.narod.ru/arkan211.jpg]
[www.tivodart.narod.ru/meka.html]
[www.tivodart.narod.ru/meka1.jpg]
[www.tivodart.narod.ru/odnavera.html]
[www.tivodart.narod.ru/odnavera1.jpg]
[www.tivodart.narod.ru/upechey.html]
[www.tivodart.narod.ru/upechey1.jpg]
[www.tivodart.narod.ru/sevveter.html]
[www.tivodart.narod.ru/sevveter1.jpg]
[www.tivodart.narod.ru/rasvet.html]
[www.tivodart.narod.ru/rasvet1.jpg]
[www.tivodart.narod.ru/credo.html]
[www.tivodart.narod.ru/credo1.jpg]
[www.tivodart.narod.ru/111gola.html]
[www.tivodart.narod.ru/111gola1.jpg]
[www.tivodart.narod.ru/psi.html]
[www.tivodart.narod.ru/psi2.jpg]
[www.tivodart.narod.ru/stus.html]
[www.tivodart.narod.ru/stus1.jpg]
[www.tivodart.narod.ru/pustinia.html]
[www.tivodart.narod.ru/pustinia1.jpg]
[www.tivodart.narod.ru/sutra.html]
[www.tivodart.narod.ru/sutra1.jpg]
[www.tivodart.narod.ru/japan.html]
[www.tivodart.narod.ru/ju1.jpg]
[www.tivodart.narod.ru/e2.html]
[www.tivodart.narod.ru/e21.jpg]
[www.tivodart.narod.ru/eg.html]
[www.tivodart.narod.ru/eg1.jpg]
[www.tivodart.narod.ru/km.html]
[www.tivodart.narod.ru/km1.jpg]
[www.tivodart.narod.ru/t.html]
[www.tivodart.narod.ru/t1.jpg]
[www.tivodart.narod.ru/ms.html]
[www.tivodart.narod.ru/ms1.jpg]
[www.tivodart.narod.ru/Ungrund.html]
[www.tivodart.narod.ru/Ungrund1.jpg]
[www.tivodart.narod.ru/znaki.html]
[www.tivodart.narod.ru/znaki1.jpg]
[www.tivodart.narod.ru/bhg.html]
[www.tivodart.narod.ru/bhg1.jpg]
[www.tivodart.narod.ru/mrezhi.html]
[www.tivodart.narod.ru/mrezhi1.jpg]
[www.tivodart.narod.ru/rr.html]
[www.tivodart.narod.ru/rr1.jpg]
[www.tivodart.narod.ru/spz.html]
[www.tivodart.narod.ru/spz1.jpg]
[www.tivodart.narod.ru/kovcheg.html]
[www.tivodart.narod.ru/kovcheg1.jpg]
[www.tivodart.narod.ru/starover.html]
[www.tivodart.narod.ru/starover1.jpg]
[www.tivodart.narod.ru/babush.html]
[www.tivodart.narod.ru/babush1.jpg]
[www.tivodart.narod.ru/pastuh.html]
[www.tivodart.narod.ru/pastuh1.jpg]
[www.tivodart.narod.ru/bh.html]
[www.tivodart.narod.ru/bh1.jpg]
[www.tivodart.narod.ru/mekka.html]
[www.tivodart.narod.ru/mekka1.jpg]
[www.tivodart.narod.ru/chaj.html]
[www.tivodart.narod.ru/chaj1.jpg]
[www.tivodart.narod.ru/lhasa.html]
[www.tivodart.narod.ru/lhasa1.jpg]
[www.tivodart.narod.ru/knight.html]
[www.tivodart.narod.ru/knight1.jpg]
[www.tivodart.narod.ru/borhes.html]
[www.tivodart.narod.ru/borhes1.jpg]
[www.tivodart.narod.ru/leaves.html]
[www.tivodart.narod.ru/leaves1.jpg]
[www.tivodart.narod.ru/bashl.html]
[www.tivodart.narod.ru/bashl1.jpg]
[www.tivodart.narod.ru/august.html]
[www.tivodart.narod.ru/august1.jpg]
[www.tivodart.narod.ru/prob.html]
[www.tivodart.narod.ru/prob1.jpg]
[www.tivodart.narod.ru/polet.html]
[www.tivodart.narod.ru/polet1.jpg]
[www.tivodart.narod.ru/vesna.html]
[www.tivodart.narod.ru/vesna1.jpg]
[www.tivodart.narod.ru/put.html]
[www.tivodart.narod.ru/put1.jpg]
[www.tivodart.narod.ru/son.html]
[www.tivodart.narod.ru/son1.jpg]
[www.tivodart.narod.ru/arkan.html]
[www.tivodart.narod.ru/arkan1.jpg]
[www.tivodart.narod.ru/dshuan.html]
[www.tivodart.narod.ru/dshuan1.jpg]
[www.tivodart.narod.ru/az.html]
[www.tivodart.narod.ru/az1.jpg]
[www.tivodart.narod.ru/ossol.html]
[www.tivodart.narod.ru/ossol1.jpg]
[www.tivodart.narod.ru/dom.html]
[www.tivodart.narod.ru/dom1.jpg]
[www.tivodart.narod.ru/denvt.html]
[www.tivodart.narod.ru/denvt1.jpg]
[www.tivodart.narod.ru/videnie.html]
[www.tivodart.narod.ru/videnie1.jpg]
[www.tivodart.narod.ru/mirag.html]
[www.tivodart.narod.ru/mirag1.jpg]
[www.tivodart.narod.ru/roza.html]
[www.tivodart.narod.ru/roza1.jpg]
[www.tivodart.narod.ru/caj_z.jpg]
[www.tivodart.narod.ru/caj_z1.jpg]
[www.tivodart.narod.ru/da_de_dzin.jpg]
[www.tivodart.narod.ru/da_de_dzin1.jpg]
[www.tivodart.narod.ru/koly.jpg]
[www.tivodart.narod.ru/koly1.jpg]
[www.tivodart.narod.ru/na_progulyanci.jpg]
[www.tivodart.narod.ru/na_progulyanci1.jpg]
[www.tivodart.narod.ru/pid_zahystom.jpg]
[www.tivodart.narod.ru/pid_zahystom1.jpg]
[www.tivodart.narod.ru/prohuljanka.jpg]
[www.tivodart.narod.ru/prohuljanka1.jpg]
[www.tivodart.narod.ru/sad_kamney.jpg]
[www.tivodart.narod.ru/sad_kamney1.jpg]
[www.tivodart.narod.ru/so_pastushka.jpg]
[www.tivodart.narod.ru/so_pastushka1.jpg]
[www.tivodart.narod.ru/vidviduju_samitnyka.jpg]
[www.tivodart.narod.ru/vidviduju_samitnyka1.jpg]
[www.tivodart.narod.ru/kozak_mamai.jpg]
[www.tivodart.narod.ru/kozak_mamai1.jpg]
[www.tivodart.narod.ru/zaraustra.jpg]
[www.tivodart.narod.ru/zaraustra1.jpg]
[www.tivodart.narod.ru/mleko.html]
[www.tivodart.narod.ru/mleko1.jpg]
[www.tivodart.narod.ru/konevskaya.html]
[www.tivodart.narod.ru/konevskaya1.jpg]
[www.tivodart.narod.ru/pantanas.html]
[www.tivodart.narod.ru/pantanas1.jpg]
[www.tivodart.narod.ru/makar.html]
[www.tivodart.narod.ru/makar1.jpg]
[www.tivodart.narod.ru/rublev.html]
[www.tivodart.narod.ru/rublev1.jpg]
[www.tivodart.narod.ru/ksenia.html]
[www.tivodart.narod.ru/ksenia1.jpg]
[www.tivodart.narod.ru/begstvo.html]
[www.tivodart.narod.ru/begstvo1.jpg]
[www.tivodart.narod.ru/raspiatie.html]
[www.tivodart.narod.ru/raspiatie1.jpg]
[www.tivodart.narod.ru/oiv.html]
[www.tivodart.narod.ru/oiv1.jpg]
[www.tivodart.narod.ru/troitsa.html]
[www.tivodart.narod.ru/troitsa1.jpg]
[www.tivodart.narod.ru/tolgskaya.html]
[www.tivodart.narod.ru/tolgskaya1.jpg]
[www.tivodart.narod.ru/ustug.html]
[www.tivodart.narod.ru/ustuzkoe1.jpg]
[www.tivodart.narod.ru/kibm.html]
[www.tivodart.narod.ru/kibm1.jpg]
[www.tivodart.narod.ru/eibm.html]
[www.tivodart.narod.ru/eibm1.jpg]
[www.tivodart.narod.ru/rh.html]
[www.tivodart.narod.ru/rh1.jpg]
[www.tivodart.narod.ru/as.html]
[www.tivodart.narod.ru/as1.jpg]
[www.tivodart.narod.ru/sch.html]
[www.tivodart.narod.ru/sch1.jpg]
[www.tivodart.narod.ru/fl.html]
[www.tivodart.narod.ru/fl1.jpg]
[www.tivodart.narod.ru/amv.html]
[www.tivodart.narod.ru/amv1.jpg]
[www.tivodart.narod.ru/vhe.html]
[www.tivodart.narod.ru/vhe1.jpg]
[www.tivodart.narod.ru/pa.html]
[www.tivodart.narod.ru/pa1.jpg]
[www.tivodart.narod.ru/big.html]
[www.tivodart.narod.ru/big1.jpg]
[www.tivodart.narod.ru/vz.html]
[www.tivodart.narod.ru/vz1.jpg]
[www.tivodart.narod.ru/pd.html]
[www.tivodart.narod.ru/pd1.jpg]
[www.tivodart.narod.ru/angel.html]
[www.tivodart.narod.ru/angel1.jpg]
[www.tivodart.narod.ru/troica.html]
[www.tivodart.narod.ru/troica1.jpg]
[www.tivodart.narod.ru/umilenie.html]
[www.tivodart.narod.ru/umilenie1.jpg]
[www.tivodart.narod.ru/poch.html]
[www.tivodart.narod.ru/poch1.jpg]
[www.tivodart.narod.ru/satana.html]
[www.tivodart.narod.ru/satana1.jpg]
[www.tivodart.narod.ru/yar.html]
[www.tivodart.narod.ru/yar1.jpg]
[www.tivodart.narod.ru/nerid.html]
[www.tivodart.narod.ru/nerid1.jpg]
[www.tivodart.narod.ru/akhranitel.html]
[www.tivodart.narod.ru/akhranitel1.jpg]
[www.tivodart.narod.ru/mikhail.html]
[www.tivodart.narod.ru/am1.jpg]
[www.tivodart.narod.ru/georgii.html]
[www.tivodart.narod.ru/georgii1.jpg]
[www.tivodart.narod.ru/arch_m.html]
[www.tivodart.narod.ru/arch_m1.jpg]
[www.tivodart.narod.ru/predtecha.html]
[www.tivodart.narod.ru/predtecha1.jpg]
[www.tivodart.narod.ru/yaros.html]
[www.tivodart.narod.ru/yaros1.jpg]
[www.tivodart.narod.ru/chudo.html]
[www.tivodart.narod.ru/chudo1.jpg]
[www.tivodart.narod.ru/alexandr_nevski.jpg]
[www.tivodart.narod.ru/alexandr_nevski1.jpg]
[www.tivodart.narod.ru/ilya.jpg]
[www.tivodart.narod.ru/ilya1.jpg]
[www.tivodart.narod.ru/avacum.jpg]
[www.tivodart.narod.ru/avcum1.jpg]
[www.tivodart.narod.ru/terezka.html]
[www.tivodart.narod.ru/terezka1.jpg]
[www.tivodart.narod.ru/beregdet.html]
[www.tivodart.narod.ru/beregdet1.jpg]
[www.tivodart.narod.ru/hust.html]
[www.tivodart.narod.ru/hust1.jpg]
[www.tivodart.narod.ru/rikaoseni.html]
[www.tivodart.narod.ru/rikaoseni.jpg]
[www.tivodart.narod.ru/sviattih.html]
[www.tivodart.narod.ru/sviattih1.jpg]
[www.tivodart.narod.ru/litvechnatro.html]
[www.tivodart.narod.ru/litvechnatro1.jpg]
[www.tivodart.narod.ru/vechnaspas.html]
[www.tivodart.narod.ru/vechnaspas1.jpg]
[www.tivodart.narod.ru/stejka.html]
[www.tivodart.narod.ru/stejka1.jpg]
[www.tivodart.narod.ru/straji.html]
[www.tivodart.narod.ru/straji1.jpg]
[www.tivodart.narod.ru/kutok.html]
[www.tivodart.narod.ru/kutok1.jpg]
[www.tivodart.narod.ru/vecherie.html]
[www.tivodart.narod.ru/vecherie1.jpg]
[www.tivodart.narod.ru/dotik.html]
[www.tivodart.narod.ru/dotik1.jpg]
[www.tivodart.narod.ru/pokaleto.html]
[www.tivodart.narod.ru/pokaleto1.jpg]
[www.tivodart.narod.ru/vesvech.html]
[www.tivodart.narod.ru/op1.jpg]
[www.tivodart.narod.ru/op2.jpg]
[www.tivodart.narod.ru/peredpoln.html]
[www.tivodart.narod.ru/veschor.html]
[www.tivodart.narod.ru/p1.jpg]
[www.tivodart.narod.ru/zp.html]
[www.tivodart.narod.ru/zp1.jpg]
[www.tivodart.narod.ru/zimvech.html]
[www.tivodart.narod.ru/zimvech1.jpg]
[www.tivodart.narod.ru/vesnavgor.html]
[www.tivodart.narod.ru/vesnavgor1.jpg]
[www.tivodart.narod.ru/polonina.html]
[www.tivodart.narod.ru/polonina1.jpg]
[www.tivodart.narod.ru/vechir.html]
[www.tivodart.narod.ru/vechir1.jpg]
[www.tivodart.narod.ru/chornogora.html]
[www.tivodart.narod.ru/chornogora.jpg]
[www.tivodart.narod.ru/zt.html]
[www.tivodart.narod.ru/zymova_tysha1.jpg]
[www.tivodart.narod.ru/ou.html]
[www.tivodart.narod.ru/osinni_ranok1.jpg]
[www.tivodart.narod.ru/zs.html]
[www.tivodart.narod.ru/zymovi_sad1.jpg]
[www.tivodart.narod.ru/chgora.html]
[www.tivodart.narod.ru/chgora1.jpg]
[www.tivodart.narod.ru/osyabl.html]
[www.tivodart.narod.ru/osyabl1.jpg]
[www.tivodart.narod.ru/posld.html]
[www.tivodart.narod.ru/posld1.jpg]
[www.tivodart.narod.ru/whitetisa.html]
[www.tivodart.narod.ru/whitetisa1.jpg]
[www.tivodart.narod.ru/morozranok.html]
[www.tivodart.narod.ru/morozranok1.jpg]
[www.tivodart.narod.ru/yablunka.html]
[www.tivodart.narod.ru/yablunka1.jpg]
[www.tivodart.narod.ru/gallery.html]
[www.tivodart.narod.ru/aboutukr.html]
[www.tivodart.narod.ru/index2c84.html]
[www.tivodart.narod.ru/ukrstor.html]
[www.tivodart.narod.ru/index2cd0.html]
[www.tivodart.narod.ru/en.html]
[www.tivodart.narod.ru/index90bb.html]
[www.tivodart.narod.ru/index-2.html]
[www.tivodart.narod.ru/.13e.delayed]
[www.tivodart.narod.ru/indexa86c.html]
[www.tivodart.narod.ru/galleryukr.html]
[www.tivodart.narod.ru/oiv.jpg]
[www.tivodart.narod.ru/indexb5e0.html]
[www.tivodart.narod.ru/pokaleto]
[www.tivodart.narod.ru/gallery1.html]
[www.tivodart.narod.ru/naetyudah.jpg]
[www.tivodart.narod.ru/naetyudah.html]
[www.tivodart.narod.ru/indexa903.html]
[www.tivodart.narod.ru/santasara.jpg]
[www.tivodart.narod.ru/santasara.html]
[www.tivodart.narod.ru/index2a03.html]
[www.tivodart.narod.ru/begvegip.jpg]
[www.tivodart.narod.ru/begvegip.html]
[www.tivodart.narod.ru/index0820.html]
[www.tivodart.narod.ru/shimnik.jpg]
[www.tivodart.narod.ru/shimnik.html]
[www.tivodart.narod.ru/index8ad0.html]
[www.tivodart.narod.ru/stella.jpg]
[www.tivodart.narod.ru/stella.html]
[www.tivodart.narod.ru/index933f.html]
[www.tivodart.narod.ru/avtoprtret.jpg]
[www.tivodart.narod.ru/avtoprtret.html]
[www.tivodart.narod.ru/indexef02.html]
[www.tivodart.narod.ru/poedribu.jpg]
[www.tivodart.narod.ru/poedribu.html]
[www.tivodart.narod.ru/index79bc.html]
[www.tivodart.narod.ru/yabspas.jpg]
[www.tivodart.narod.ru/yabspas.html]
[www.tivodart.narod.ru/index74b7.html]
[www.tivodart.narod.ru/imperium.jpg]
[www.tivodart.narod.ru/imperium.html]
[www.tivodart.narod.ru/index44d5.html]
[www.tivodart.narod.ru/impny.jpg]
[www.tivodart.narod.ru/impny.html]
[www.tivodart.narod.ru/indexd122.html]
[www.tivodart.narod.ru/arkan21.jpg]
[www.tivodart.narod.ru/arkan21.html]
[www.tivodart.narod.ru/indexe691.html]
[www.tivodart.narod.ru/meka.jpg]
[www.tivodart.narod.ru/meka.html]
[www.tivodart.narod.ru/index08d7.html]
[www.tivodart.narod.ru/odnavera.jpg]
[www.tivodart.narod.ru/odnavera.html]
[www.tivodart.narod.ru/index6dcf.html]
[www.tivodart.narod.ru/upechey.jpg]
[www.tivodart.narod.ru/upechey.html]
[www.tivodart.narod.ru/indexff49.html]
[www.tivodart.narod.ru/indexd708.html]
[www.tivodart.narod.ru/sevveter.jpg]
[www.tivodart.narod.ru/sevveter.html]
[www.tivodart.narod.ru/rasvet.jpg]
[www.tivodart.narod.ru/rasvet.html]
[www.tivodart.narod.ru/indexe476.html]
[www.tivodart.narod.ru/credo.jpg]
[www.tivodart.narod.ru/credo.html]
[www.tivodart.narod.ru/index84fe.html]
[www.tivodart.narod.ru/111gola.jpg]
[www.tivodart.narod.ru/111gola.html]
[www.tivodart.narod.ru/indexc63e.html]
[www.tivodart.narod.ru/psi.jpg]
[www.tivodart.narod.ru/psi.html]
[www.tivodart.narod.ru/index1ed7.html]
[www.tivodart.narod.ru/stus.jpg]
[www.tivodart.narod.ru/stus.html]
[www.tivodart.narod.ru/pustinia.jpg]
[www.tivodart.narod.ru/indexe625.html]
[www.tivodart.narod.ru/pustinia.html]
[www.tivodart.narod.ru/index4d22.html]
[www.tivodart.narod.ru/sutra.jpg]
[www.tivodart.narod.ru/sutra.html]
[www.tivodart.narod.ru/indexb231.html]
[www.tivodart.narod.ru/ju.jpg]
[www.tivodart.narod.ru/japan.html]
[www.tivodart.narod.ru/indexabdd.html]
[www.tivodart.narod.ru/e2.jpg]
[www.tivodart.narod.ru/e2.html]
[www.tivodart.narod.ru/index7052.html]
[www.tivodart.narod.ru/eg.jpg]
[www.tivodart.narod.ru/eg.html]
[www.tivodart.narod.ru/index2d68.html]
[www.tivodart.narod.ru/km.jpg]
[www.tivodart.narod.ru/km.html]
[www.tivodart.narod.ru/index0126.html]
[www.tivodart.narod.ru/t.jpg]
[www.tivodart.narod.ru/t.html]
[www.tivodart.narod.ru/indexbc60.html]
[www.tivodart.narod.ru/ms.jpg]
[www.tivodart.narod.ru/ms.html]
[www.tivodart.narod.ru/index18e7.html]
[www.tivodart.narod.ru/Ungrund.jpg]
[www.tivodart.narod.ru/Ungrund.html]
[www.tivodart.narod.ru/index4f49.html]
[www.tivodart.narod.ru/znaki.jpg]
[www.tivodart.narod.ru/znaki.html]
[www.tivodart.narod.ru/indexf6e2.html]
[www.tivodart.narod.ru/bhg.jpg]
[www.tivodart.narod.ru/bhg.html]
[www.tivodart.narod.ru/index400a.html]
[www.tivodart.narod.ru/mrezhi.jpg]
[www.tivodart.narod.ru/mrezhi.html]
[www.tivodart.narod.ru/index2129.html]
[www.tivodart.narod.ru/rr.jpg]
[www.tivodart.narod.ru/rr.html]
[www.tivodart.narod.ru/indexbbec.html]
[www.tivodart.narod.ru/index85d4.html]
[www.tivodart.narod.ru/spz.jpg]
[www.tivodart.narod.ru/spz.html]
[www.tivodart.narod.ru/kovcheg.jpg]
[www.tivodart.narod.ru/kovcheg.html]
[www.tivodart.narod.ru/index6e6c.html]
[www.tivodart.narod.ru/starover.jpg]
[www.tivodart.narod.ru/starover.html]
[www.tivodart.narod.ru/index35be.html]
[www.tivodart.narod.ru/babush.jpg]
[www.tivodart.narod.ru/babush.html]
[www.tivodart.narod.ru/index519e.html]
[www.tivodart.narod.ru/pastuh.jpg]
[www.tivodart.narod.ru/pastuh.html]
[www.tivodart.narod.ru/index5b42.html]
[www.tivodart.narod.ru/indexa9b8.html]
[www.tivodart.narod.ru/bh.jpg]
[www.tivodart.narod.ru/bh.html]
[www.tivodart.narod.ru/mekka.jpg]
[www.tivodart.narod.ru/mekka.html]
[www.tivodart.narod.ru/indexf9fc.html]
[www.tivodart.narod.ru/chaj.jpg]
[www.tivodart.narod.ru/chaj.html]
[www.tivodart.narod.ru/indexf8c2.html]
[www.tivodart.narod.ru/lhasa.jpg]
[www.tivodart.narod.ru/lhasa.html]
[www.tivodart.narod.ru/index618e.html]
[www.tivodart.narod.ru/knight.jpg]
[www.tivodart.narod.ru/knight.html]
[www.tivodart.narod.ru/index4879.html]
[www.tivodart.narod.ru/index1089.html]
[www.tivodart.narod.ru/borhes.jpg]
[www.tivodart.narod.ru/borhes.html]
[www.tivodart.narod.ru/leaves.jpg]
[www.tivodart.narod.ru/leaves.html]
[www.tivodart.narod.ru/index3872.html]
[www.tivodart.narod.ru/index1412.html]
[www.tivodart.narod.ru/bashl.jpg]
[www.tivodart.narod.ru/bashl.html]
[www.tivodart.narod.ru/august.jpg]
[www.tivodart.narod.ru/august.html]
[www.tivodart.narod.ru/index8e13.html]
[www.tivodart.narod.ru/prob.jpg]
[www.tivodart.narod.ru/prob.html]
[www.tivodart.narod.ru/indexb3cf.html]
[www.tivodart.narod.ru/polet.jpg]
[www.tivodart.narod.ru/polet.html]
[www.tivodart.narod.ru/indexe9e4.html]
[www.tivodart.narod.ru/vesna.jpg]
[www.tivodart.narod.ru/vesna.html]
[www.tivodart.narod.ru/index938b.html]
[www.tivodart.narod.ru/put.jpg]
[www.tivodart.narod.ru/put.html]
[www.tivodart.narod.ru/indexe7e0.html]
[www.tivodart.narod.ru/son.jpg]
[www.tivodart.narod.ru/son.html]
[www.tivodart.narod.ru/indexb7d8.html]
[www.tivodart.narod.ru/arkan.jpg]
[www.tivodart.narod.ru/index4199.html]
[www.tivodart.narod.ru/arkan.html]
[www.tivodart.narod.ru/dshuan.jpg]
[www.tivodart.narod.ru/dshuan.html]
[www.tivodart.narod.ru/az.jpg]
[www.tivodart.narod.ru/index5cb6.html]
[www.tivodart.narod.ru/az.html]
[www.tivodart.narod.ru/index9c6e.html]
[www.tivodart.narod.ru/ossol.jpg]
[www.tivodart.narod.ru/ossol.html]
[www.tivodart.narod.ru/indexa3cb.html]
[www.tivodart.narod.ru/dom.jpg]
[www.tivodart.narod.ru/dom.html]
[www.tivodart.narod.ru/index1b75.html]
[www.tivodart.narod.ru/denvt.jpg]
[www.tivodart.narod.ru/denvt.html]
[www.tivodart.narod.ru/index6d8b.html]
[www.tivodart.narod.ru/videnie.jpg]
[www.tivodart.narod.ru/videnie.html]
[www.tivodart.narod.ru/index2cf4.html]
[www.tivodart.narod.ru/mirag.jpg]
[www.tivodart.narod.ru/mirag.html]
[www.tivodart.narod.ru/index2b16.html]
[www.tivodart.narod.ru/roza.jpg]
[www.tivodart.narod.ru/indexb4df.html]
[www.tivodart.narod.ru/roza.html]
[www.tivodart.narod.ru/mleko.jpg]
[www.tivodart.narod.ru/mleko.html]
[www.tivodart.narod.ru/index97fe.html]
[www.tivodart.narod.ru/konevskaya.jpg]
[www.tivodart.narod.ru/konevskaya.html]
[www.tivodart.narod.ru/indexa034.html]
[www.tivodart.narod.ru/pantanas.jpg]
[www.tivodart.narod.ru/pantanas.html]
[www.tivodart.narod.ru/indexa2a0.html]
[www.tivodart.narod.ru/makar.jpg]
[www.tivodart.narod.ru/makar.html]
[www.tivodart.narod.ru/indexdd78.html]
[www.tivodart.narod.ru/rublev.jpg]
[www.tivodart.narod.ru/indexc929.html]
[www.tivodart.narod.ru/rublev.html]
[www.tivodart.narod.ru/ksenia.jpg]
[www.tivodart.narod.ru/ksenia.html]
[www.tivodart.narod.ru/index43ef.html]
[www.tivodart.narod.ru/begstvo2.jpg]
[www.tivodart.narod.ru/begstvo.html]
[www.tivodart.narod.ru/index8ac7.html]
[www.tivodart.narod.ru/raspiatie2.jpg]
[www.tivodart.narod.ru/raspiatie.html]
[www.tivodart.narod.ru/indexf755.html]
[www.tivodart.narod.ru/oiv.html]
[www.tivodart.narod.ru/index77fc.html]
[www.tivodart.narod.ru/troitsa2.jpg]
[www.tivodart.narod.ru/troitsa.html]
[www.tivodart.narod.ru/indexab59.html]
[www.tivodart.narod.ru/tolgskaya.jpg]
[www.tivodart.narod.ru/tolgskaya.html]
[www.tivodart.narod.ru/index2f48.html]
[www.tivodart.narod.ru/indexa99f.html]
[www.tivodart.narod.ru/ustug.jpg]
[www.tivodart.narod.ru/ustug.html]
[www.tivodart.narod.ru/kibm.jpg]
[www.tivodart.narod.ru/kibm.html]
[www.tivodart.narod.ru/index82a6.html]
[www.tivodart.narod.ru/eibm.jpg]
[www.tivodart.narod.ru/eibm.html]
[www.tivodart.narod.ru/indexfdf3.html]
[www.tivodart.narod.ru/rh.jpg]
[www.tivodart.narod.ru/indexccaf.html]
[www.tivodart.narod.ru/rh.html]
[www.tivodart.narod.ru/as.jpg]
[www.tivodart.narod.ru/as.html]
[www.tivodart.narod.ru/indexa7a7.html]
[www.tivodart.narod.ru/index3d7c.html]
[www.tivodart.narod.ru/sch.jpg]
[www.tivodart.narod.ru/sch.html]
[www.tivodart.narod.ru/fl.jpg]
[www.tivodart.narod.ru/fl.html]
[www.tivodart.narod.ru/index86cb.html]
[www.tivodart.narod.ru/amv.jpg]
[www.tivodart.narod.ru/indexc7e3.html]
[www.tivodart.narod.ru/amv.html]
[www.tivodart.narod.ru/vhe.jpg]
[www.tivodart.narod.ru/vhe.html]
[www.tivodart.narod.ru/indexfe7e.html]
[www.tivodart.narod.ru/pa.jpg]
[www.tivodart.narod.ru/pa.html]
[www.tivodart.narod.ru/index285c.html]
[www.tivodart.narod.ru/big.jpg]
[www.tivodart.narod.ru/big.html]
[www.tivodart.narod.ru/index5ebd.html]
[www.tivodart.narod.ru/vz.jpg]
[www.tivodart.narod.ru/index6811.html]
[www.tivodart.narod.ru/vz.html]
[www.tivodart.narod.ru/pd.jpg]
[www.tivodart.narod.ru/pd.html]
[www.tivodart.narod.ru/indexf979.html]
[www.tivodart.narod.ru/angel.jpg]
[www.tivodart.narod.ru/angel.html]
[www.tivodart.narod.ru/indexe7da.html]
[www.tivodart.narod.ru/troica.jpg]
[www.tivodart.narod.ru/troica.html]
[www.tivodart.narod.ru/index2a59.html]
[www.tivodart.narod.ru/umilenie.jpg]
[www.tivodart.narod.ru/umilenie.html]
[www.tivodart.narod.ru/indexd395.html]
[www.tivodart.narod.ru/poch.jpg]
[www.tivodart.narod.ru/poch.html]
[www.tivodart.narod.ru/indexd179.html]
[www.tivodart.narod.ru/satana.jpg]
[www.tivodart.narod.ru/satana.html]
[www.tivodart.narod.ru/index38fe.html]
[www.tivodart.narod.ru/yar.jpg]
[www.tivodart.narod.ru/yar.html]
[www.tivodart.narod.ru/indexa65c.html]
[www.tivodart.narod.ru/nerid.jpg]
[www.tivodart.narod.ru/nerid.html]
[www.tivodart.narod.ru/index01fe.html]
[www.tivodart.narod.ru/index433f.html]
[www.tivodart.narod.ru/akhranitel.jpg]
[www.tivodart.narod.ru/akhranitel.html]
[www.tivodart.narod.ru/mikhail.jpg]
[www.tivodart.narod.ru/mikhail.html]
[www.tivodart.narod.ru/index0711.html]
[www.tivodart.narod.ru/georgii.jpg]
[www.tivodart.narod.ru/index6d25.html]
[www.tivodart.narod.ru/georgii.html]
[www.tivodart.narod.ru/arch_m.jpg]
[www.tivodart.narod.ru/index967b.html]
[www.tivodart.narod.ru/arch_m.html]
[www.tivodart.narod.ru/predtecha.jpg]
[www.tivodart.narod.ru/predtecha.html]
[www.tivodart.narod.ru/index2769.html]
[www.tivodart.narod.ru/yaros.jpg]
[www.tivodart.narod.ru/yaros.html]
[www.tivodart.narod.ru/index0ef5.html]
[www.tivodart.narod.ru/chudo.jpg]
[www.tivodart.narod.ru/chudo.html]
[www.tivodart.narod.ru/index35aa.html]
[www.tivodart.narod.ru/terezka.jpg]
[www.tivodart.narod.ru/terezka.html]
[www.tivodart.narod.ru/index50cd.html]
[www.tivodart.narod.ru/beregdet.jpg]
[www.tivodart.narod.ru/beregdet.html]
[www.tivodart.narod.ru/index6755.html]
[www.tivodart.narod.ru/hust.jpg]
[www.tivodart.narod.ru/hust.html]
[www.tivodart.narod.ru/index7f27.html]
[www.tivodart.narod.ru/rikaoseni.html]
[www.tivodart.narod.ru/index38f9.html]
[www.tivodart.narod.ru/sviattih.jpg]
[www.tivodart.narod.ru/sviattih.html]
[www.tivodart.narod.ru/index152e.html]
[www.tivodart.narod.ru/litvechnatro.jpg]
[www.tivodart.narod.ru/litvechnatro.html]
[www.tivodart.narod.ru/indexd9b1.html]
[www.tivodart.narod.ru/vechnaspas.jpg]
[www.tivodart.narod.ru/vechnaspas.html]
[www.tivodart.narod.ru/index76e1.html]
[www.tivodart.narod.ru/stejka.jpg]
[www.tivodart.narod.ru/stejka.html]
[www.tivodart.narod.ru/index9b7c.html]
[www.tivodart.narod.ru/straji.jpg]
[www.tivodart.narod.ru/straji.html]
[www.tivodart.narod.ru/index8b53.html]
[www.tivodart.narod.ru/kutok.jpg]
[www.tivodart.narod.ru/kutok.html]
[www.tivodart.narod.ru/index7960.html]
[www.tivodart.narod.ru/vecherie.jpg]
[www.tivodart.narod.ru/vecherie.html]
[www.tivodart.narod.ru/index385c.html]
[www.tivodart.narod.ru/dotik.jpg]
[www.tivodart.narod.ru/dotik.html]
[www.tivodart.narod.ru/indexd6b9.html]
[www.tivodart.narod.ru/pokaleto.jpg]
[www.tivodart.narod.ru/pokaleto.html]
[www.tivodart.narod.ru/index1cdf.html]
[www.tivodart.narod.ru/op.jpg]
[www.tivodart.narod.ru/vesvech.html]
[www.tivodart.narod.ru/index6f84.html]
[www.tivodart.narod.ru/indexc973.html]
[www.tivodart.narod.ru/op3.jpg]
[www.tivodart.narod.ru/peredpoln.html]
[www.tivodart.narod.ru/index4ffd.html]
[www.tivodart.narod.ru/veschor.jpg]
[www.tivodart.narod.ru/veschor.html]
[www.tivodart.narod.ru/zp.jpg]
[www.tivodart.narod.ru/zp.html]
[www.tivodart.narod.ru/index167f.html]
[www.tivodart.narod.ru/zimvech.jpg]
[www.tivodart.narod.ru/zimvech.html]
[www.tivodart.narod.ru/indexb363.html]
[www.tivodart.narod.ru/vesnavgor.jpg]
[www.tivodart.narod.ru/vesnavgor.html]
[www.tivodart.narod.ru/index6872.html]
[www.tivodart.narod.ru/polonina.jpg]
[www.tivodart.narod.ru/polonina.html]
[www.tivodart.narod.ru/index4ee6.html]
[www.tivodart.narod.ru/vechir.jpg]
[www.tivodart.narod.ru/vechir.html]
[www.tivodart.narod.ru/indexc011.html]
[www.tivodart.narod.ru/chornogora.html]
[www.tivodart.narod.ru/indexb55c.html]
[www.tivodart.narod.ru/zt.jpg]
[www.tivodart.narod.ru/zt.html]
[www.tivodart.narod.ru/index4a8f.html]
[www.tivodart.narod.ru/ou.jpg]
[www.tivodart.narod.ru/ou.html]
[www.tivodart.narod.ru/index186c.html]
[www.tivodart.narod.ru/zs.jpg]
[www.tivodart.narod.ru/zs.html]
[www.tivodart.narod.ru/index1ade.html]
[www.tivodart.narod.ru/chgora.jpg]
[www.tivodart.narod.ru/chgora.html]
[www.tivodart.narod.ru/index9b62.html]
[www.tivodart.narod.ru/osyabl.jpg]
[www.tivodart.narod.ru/osyabl.html]
[www.tivodart.narod.ru/indexacd5.html]
[www.tivodart.narod.ru/posld.jpg]
[www.tivodart.narod.ru/posld.html]
[www.tivodart.narod.ru/indexfe22.html]
[www.tivodart.narod.ru/whitetisa.jpg]
[www.tivodart.narod.ru/whitetisa.html]
[www.tivodart.narod.ru/index4963.html]
[www.tivodart.narod.ru/morozranok.jpg]
[www.tivodart.narod.ru/indexb9ba.html]
[www.tivodart.narod.ru/morozranok.html]
[www.tivodart.narod.ru/yablunka.jpg]
[www.tivodart.narod.ru/index979d.html]
[www.tivodart.narod.ru/yablunka.html]
[www.tivodart.narod.ru/aboutukr.html]
[www.tivodart.narod.ru/indexc621.html]
[www.tivodart.narod.ru/.html]
[www.tivodart.narod.ru/pokaleto-2.html]
[www.tivodart.narod.ru/naetyudah.jpg]
[www.tivodart.narod.ru/santasara.jpg]
[www.tivodart.narod.ru/shimnik.jpg]
[www.tivodart.narod.ru/stella.jpg]
[www.tivodart.narod.ru/avtoprtret.jpg]
[www.tivodart.narod.ru/poedribu.jpg]
[www.tivodart.narod.ru/yabspas.jpg]
[www.tivodart.narod.ru/imperium.jpg]
[www.tivodart.narod.ru/impny.jpg]
[www.tivodart.narod.ru/arkan21.jpg]
[www.tivodart.narod.ru/meka.jpg]
[www.tivodart.narod.ru/odnavera.jpg]
[www.tivodart.narod.ru/upechey.jpg]
[www.tivodart.narod.ru/rasvet.jpg]
[www.tivodart.narod.ru/mleko.jpg]
[www.tivodart.narod.ru/konevskaya.jpg]
[www.tivodart.narod.ru/pantanas.jpg]
[www.tivodart.narod.ru/makar.jpg]
[www.tivodart.narod.ru/rublev.jpg]
[www.tivodart.narod.ru/ksenia.jpg]
[www.tivodart.narod.ru/terezka.jpg]
[www.tivodart.narod.ru/hust.jpg]
[www.tivodart.narod.ru/sviattih.jpg]
[www.tivodart.narod.ru/litvechnatro.jpg]
[www.tivodart.narod.ru/stejka.jpg]
[www.tivodart.narod.ru/straji.jpg]
[www.tivodart.narod.ru/kutok.jpg]
[www.tivodart.narod.ru/vecherie.jpg]
[www.tivodart.narod.ru/dotik.jpg]
[www.tivodart.narod.ru/pokaleto.jpg]
[www.tivodart.narod.ru/morozranok.jpg]
[www.tivodart.narod.ru/yablunka.jpg]
[www.pautina.net/images/pautina88.gif]
[www.tivodart.narod.ru/stella.jpg]
[www.tivodart.narod.ru/odnavera.jpg]
[www.tivodart.narod.ru/sevveter.jpg]
[www.tivodart.narod.ru/rublev.jpg]
